VoID	<KW,2>
MaIn	<KW,5>
(	<SE,23>
)	<SE,24>
{	<SE,25>
@	<ERROR,1,28>
CoNsT	<KW,4>
InT	<KW,1>
_X1	<IDN,_X1>
=	<OP,14>
42	<INT,42>
,	<SE,28>
y	<IDN,y>
=	<OP,14>
0	<INT,0>
;	<SE,27>
#	<ERROR,2,35>
FLOAT	<KW,6>
Pi	<IDN,Pi>
=	<OP,14>
3.14	<FLOAT,3.14>
,	<SE,28>
rate	<IDN,rate>
=	<OP,14>
0.5	<FLOAT,0.5>
;	<SE,27>
$	<ERROR,3,35>
int	<KW,1>
A	<IDN,A>
=	<OP,14>
1	<INT,1>
,	<SE,28>
B	<IDN,B>
=	<OP,14>
2	<INT,2>
;	<SE,27>
^	<ERROR,4,35>
y	<IDN,y>
=	<OP,14>
y	<IDN,y>
+	<OP,9>
_X1	<IDN,_X1>
*	<OP,11>
2	<INT,2>
-	<OP,10>
5	<INT,5>
/	<OP,12>
3	<INT,3>
%	<OP,13>
2	<INT,2>
;	<SE,27>
|	<ERROR,6,35>
A	<IDN,A>
=	<OP,14>
A	<IDN,A>
+	<OP,9>
B	<IDN,B>
;	<SE,27>
&	<ERROR,7,35>
if	<KW,7>
(	<SE,23>
(	<SE,23>
y	<IDN,y>
>=	<OP,19>
10	<INT,10>
&&	<OP,21>
y	<IDN,y>
!=	<OP,20>
0	<INT,0>
)	<SE,24>
||	<OP,22>
(	<SE,23>
A	<IDN,A>
<	<OP,16>
B	<IDN,B>
)	<SE,24>
)	<SE,24>
{	<SE,25>
y	<IDN,y>
=	<OP,14>
y	<IDN,y>
+	<OP,9>
1	<INT,1>
;	<SE,27>
}	<SE,26>
else	<KW,8>
{	<SE,25>
y	<IDN,y>
=	<OP,14>
y	<IDN,y>
-	<OP,10>
1	<INT,1>
;	<SE,27>
}	<SE,26>
if	<KW,7>
(	<SE,23>
Pi	<IDN,Pi>
>	<OP,15>
1.0	<FLOAT,1.0>
&&	<OP,21>
rate	<IDN,rate>
<=	<OP,18>
1.0	<FLOAT,1.0>
)	<SE,24>
{	<SE,25>
A	<IDN,A>
=	<OP,14>
(	<SE,23>
A	<IDN,A>
+	<OP,9>
B	<IDN,B>
)	<SE,24>
*	<OP,11>
(	<SE,23>
_X1	<IDN,_X1>
-	<OP,10>
3	<INT,3>
)	<SE,24>
;	<SE,27>
}	<SE,26>
else	<KW,8>
{	<SE,25>
if	<KW,7>
(	<SE,23>
A	<IDN,A>
==	<OP,17>
B	<IDN,B>
)	<SE,24>
{	<SE,25>
B	<IDN,B>
=	<OP,14>
B	<IDN,B>
+	<OP,9>
1	<INT,1>
;	<SE,27>
}	<SE,26>
else	<KW,8>
{	<SE,25>
B	<IDN,B>
=	<OP,14>
B	<IDN,B>
-	<OP,10>
1	<INT,1>
;	<SE,27>
}	<SE,26>
}	<SE,26>
return	<KW,3>
;	<SE,27>
}	<SE,26>
